Linker: Compute reachability: 292193 us
Linker: Assemble LinkedClasses: 66303 us
Linker: 386119 us
Desugarer: Desugar: 39438 us
Desugarer: 39548 us
Optimizer: Batch mode: false
Optimizer: Incremental part: 116948 us
Optimizer: Elidable constructors: 9558 us
Optimizer: Optimizing 3 methods.
Optimizer: Optimizer part: 231698 us
Optimizer: 400331 us
Refiner: Compute reachability: 94221 us
Refiner: Assemble LinkedClasses: 78764 us
Refiner: 176326 us
Module Splitter: Calculate Dependency Info: 3930 us
Module Splitter: Analyze Modules: 2719 us
Module Splitter: Assemble Modules: 8758 us
Module Splitter: 17031 us
Emitter: Generate Classes: 1130737 us
Emitter: Write trees: 7340 us
Emitter: Class tree cache stats: reused: 0 -- invalidated: 2217
Emitter: Method tree cache stats: reused: 0 -- invalidated: 8765
Emitter: Pre prints: 12822
Name compressor: Collect property names to avoid: 804 us
Name compressor: Allocate property names: 9564 us
Name compressor: Allocate ancestor names: 2966 us
Emitter: 1233254 us
BasicBackend: Write result: 187287 us
BasicBackend: total modules: 1; re-written: 1
